// Jest Snapshot v1, https://goo.gl/fbAQLP

exports[`<ScrabbleTileStyled /> matches the snapshot 1`] = `
<StyledComponent
  forwardedComponent={
    Object {
      "$$typeof": Symbol(react.forward_ref),
      "attrs": Array [],
      "componentStyle": ComponentStyle {
        "componentId": "sc-bwzfXH",
        "isStatic": false,
        "lastClassName": "QFIBE",
        "rules": Array [
          "
  opacity: ",
          [Function],
          ";
  user-select: none;
  border: 1px solid ",
          "#CED4DA",
          ";
  border-radius: 0.5vw;
  color: ",
          [Function],
          ";
  background-color: ",
          [Function],
          ";
  font-weight: 400;
  font-size: 8vw;
  text-align: center;
  line-height: 12.2vw;
  box-shadow: ",
          "1px 2px 1px 0 rgba(0, 0, 0, 0.05)",
          ";
  @media screen and (min-width: 501px) {
      font-size: 40px;
      line-height: 65px;
      border-radius: 4px;
  }
",
        ],
      },
      "displayName": "styled.div",
      "foldedComponentIds": Array [],
      "render": [Function],
      "styledComponentId": "sc-bwzfXH",
      "target": "div",
      "toString": [Function],
      "warnTooManyClasses": [Function],
      "withComponent": [Function],
    }
  }
  forwardedRef={null}
  isValid={false}
  letter="e"
/>
`;
