// Jest Snapshot v1, https://goo.gl/fbAQLP

exports[`<App /> matches the snapshot 1`] = `
<styled.div>
  <Connect(Message) />
  <Connect(RandomLetters) />
  <Connect(ScrabbleBoard) />
  <Connect(Interface) />
  <DragLayer(DragLayerTile) />
</styled.div>
`;
